
                      Design Compiler Graphical
                            DC Ultra (TM)
                             DFTMAX (TM)
                         Power Compiler (TM)
                           DesignWare (R)
                           DC Expert (TM)
                         Design Vision (TM)
                          HDL Compiler (TM)
                         VHDL Compiler (TM)
                            DFT Compiler
                        Library Compiler (TM)
                         Design Compiler(R)

            Version G-2012.06 for RHEL64 -- May 30, 2012
               Copyright (c) 1988-2012 Synopsys, Inc.

This software and the associated documentation are confidential and 
proprietary to Synopsys, Inc. Your use or disclosure of this software 
is subject to the terms and conditions of a written license agreement 
between you, or your company, and Synopsys, Inc.

Initializing...
#
# Written by : DC-Transcript, Version X-2005.09-SP2 -- Jan 03, 2006
# Date       : Tue Aug 29 17:09:34 2006
#
#
# Translation of script: tut_synth.scr
#
#/***********************************************************/
#/*   FILE        : tut_synth.scr                           */
#/*   Description : Default Synopsys Design Compiler Script */
#/*   Usage       : dc_shell -f tut_synth.scr               */
#/*   You'll need to minimally set design_name & read files */
#/***********************************************************/
set SYN_DIR ./
./
set search_path [ list "./" "/afs/umich.edu/class/eecs470/lib/synopsys/" ]
./ /afs/umich.edu/class/eecs470/lib/synopsys/
set target_library "lec25dscc25_TT.db"
lec25dscc25_TT.db
set link_library [concat  "*" $target_library]
* lec25dscc25_TT.db
#/***********************************************************/
#/* Set some flags to suppress warnings we don't care about */
set suppress_errors [concat $suppress_errors "UID-401"]
UID-401
suppress_message {"VER-130"}
#/***********************************************************/
#/* The following four lines must be updated for every      */
#/* new design                                              */
#/***********************************************************/
read_file -f verilog [list "reorder_buffer.v"]
Loading db file '/afs/umich.edu/class/eecs470/lib/synopsys/lec25dscc25_TT.db'
Loading db file '/usr/caen/synopsys-synth-2012.06/libraries/syn/gtech.db'
Loading db file '/usr/caen/synopsys-synth-2012.06/libraries/syn/standard.sldb'
  Loading link library 'lec25dscc25_TT'
  Loading link library 'gtech'
Loading verilog file '/afs/umich.edu/user/n/o/nowakmr/eecs470/eecs470/test/reorder_buffer/reorder_buffer.v'
Detecting input file type automatically (-rtl or -netlist).
Running DC verilog reader
Reading with Presto HDL Compiler (equivalent to -rtl option).
Running PRESTO HDLC
Compiling source file /afs/umich.edu/user/n/o/nowakmr/eecs470/eecs470/test/reorder_buffer/reorder_buffer.v
Warning:  /afs/umich.edu/user/n/o/nowakmr/eecs470/eecs470/test/reorder_buffer/reorder_buffer.v:254: the undeclared symbol 'inst1_retire' assumed to have the default net type, which is 'wire'. (VER-936)
Warning:  /afs/umich.edu/user/n/o/nowakmr/eecs470/eecs470/test/reorder_buffer/reorder_buffer.v:255: the undeclared symbol 'inst2_retire' assumed to have the default net type, which is 'wire'. (VER-936)
Warning:  /afs/umich.edu/user/n/o/nowakmr/eecs470/eecs470/test/reorder_buffer/reorder_buffer.v:256: the undeclared symbol 'inst1_dispatch' assumed to have the default net type, which is 'wire'. (VER-936)
Warning:  /afs/umich.edu/user/n/o/nowakmr/eecs470/eecs470/test/reorder_buffer/reorder_buffer.v:257: the undeclared symbol 'inst2_dispatch' assumed to have the default net type, which is 'wire'. (VER-936)
Warning:  /afs/umich.edu/user/n/o/nowakmr/eecs470/eecs470/test/reorder_buffer/reorder_buffer.v:254: The delay specification for net declaration is ignored. (VER-976)
Warning:  /afs/umich.edu/user/n/o/nowakmr/eecs470/eecs470/test/reorder_buffer/reorder_buffer.v:255: The delay specification for net declaration is ignored. (VER-976)
Warning:  /afs/umich.edu/user/n/o/nowakmr/eecs470/eecs470/test/reorder_buffer/reorder_buffer.v:256: The delay specification for net declaration is ignored. (VER-976)
Warning:  /afs/umich.edu/user/n/o/nowakmr/eecs470/eecs470/test/reorder_buffer/reorder_buffer.v:257: The delay specification for net declaration is ignored. (VER-976)

Inferred memory devices in process
	in routine reorder_buffer_entry line 107 in file
		'/afs/umich.edu/user/n/o/nowakmr/eecs470/eecs470/test/reorder_buffer/reorder_buffer.v'.
================================================================================
|    Register Name     |   Type    | Width | Bus | MB | AR | AS | SR | SS | ST |
================================================================================
|   register_out_reg   | Flip-flop |   5   |  Y  | N  | N  | N  | N  | N  | N  |
| mispredicted_out_reg | Flip-flop |   1   |  N  | N  | N  | N  | N  | N  | N  |
|    state_out_reg     | Flip-flop |   2   |  Y  | N  | N  | N  | N  | N  | N  |
|    value_out_reg     | Flip-flop |  64   |  Y  | N  | N  | N  | N  | N  | N  |
================================================================================
Warning:  Starting with the 2000.11-1 release, the Presto Verilog reader treats Verilog 'integer' types as signed; synthesized result may not match earlier versions of HDL Compiler. (VER-314)
Warning:  /afs/umich.edu/user/n/o/nowakmr/eecs470/eecs470/test/reorder_buffer/reorder_buffer.v:247: signed to unsigned conversion occurs. (VER-318)
Warning:  /afs/umich.edu/user/n/o/nowakmr/eecs470/eecs470/test/reorder_buffer/reorder_buffer.v:248: signed to unsigned conversion occurs. (VER-318)
Warning:  /afs/umich.edu/user/n/o/nowakmr/eecs470/eecs470/test/reorder_buffer/reorder_buffer.v:249: signed to unsigned conversion occurs. (VER-318)
Warning:  /afs/umich.edu/user/n/o/nowakmr/eecs470/eecs470/test/reorder_buffer/reorder_buffer.v:250: signed to unsigned conversion occurs. (VER-318)
Warning:  /afs/umich.edu/user/n/o/nowakmr/eecs470/eecs470/test/reorder_buffer/reorder_buffer.v:251: signed to unsigned conversion occurs. (VER-318)
Warning:  /afs/umich.edu/user/n/o/nowakmr/eecs470/eecs470/test/reorder_buffer/reorder_buffer.v:343: signed to unsigned assignment occurs. (VER-318)

Inferred memory devices in process
	in routine reorder_buffer line 338 in file
		'/afs/umich.edu/user/n/o/nowakmr/eecs470/eecs470/test/reorder_buffer/reorder_buffer.v'.
===============================================================================
|    Register Name    |   Type    | Width | Bus | MB | AR | AS | SR | SS | ST |
===============================================================================
|      head_reg       | Flip-flop |   8   |  Y  | N  | N  | N  | N  | N  | N  |
|      tail_reg       | Flip-flop |   8   |  Y  | N  | N  | N  | N  | N  | N  |
===============================================================================
Statistics for MUX_OPs
=============================================================
|  block name/line   | Inputs | Outputs | # sel inputs | MB |
=============================================================
| reorder_buffer/254 |   32   |    2    |      5       | N  |
| reorder_buffer/255 |   32   |    2    |      5       | N  |
| reorder_buffer/275 |   32   |   64    |      5       | N  |
| reorder_buffer/276 |   32   |   64    |      5       | N  |
| reorder_buffer/277 |   32   |   64    |      5       | N  |
| reorder_buffer/278 |   32   |   64    |      5       | N  |
| reorder_buffer/282 |   32   |    5    |      5       | N  |
| reorder_buffer/283 |   32   |   64    |      5       | N  |
| reorder_buffer/284 |   32   |    5    |      5       | N  |
| reorder_buffer/285 |   32   |   64    |      5       | N  |
| reorder_buffer/288 |   32   |    1    |      5       | N  |
| reorder_buffer/289 |   32   |    1    |      5       | N  |
=============================================================
Presto compilation completed successfully.
Current design is now '/afs/umich.edu/user/n/o/nowakmr/eecs470/eecs470/test/reorder_buffer/reorder_buffer_entry.db:reorder_buffer_entry'
Loaded 2 designs.
Current design is 'reorder_buffer_entry'.
reorder_buffer_entry reorder_buffer
set design_name reorder_buffer
reorder_buffer
#set reset_name reset
set clock_name clock
clock
set CLK_PERIOD 13.57
13.57
#/***********************************************************/
#/* The rest of this file may be left alone for most small  */
#/* to moderate sized designs.  You may need to alter it    */
#/* when synthesizing your final project.                   */
#/***********************************************************/
#/***********************************************************/
#/* Set some flags for optimisation */
set compile_top_all_paths "true"
true
set auto_wire_load_selection "false"
false
#/***********************************************************/
#/*  Clk Periods/uncertainty/transition                     */
set CLK_TRANSITION 0.1
0.1
set CLK_UNCERTAINTY 0.1
0.1
set CLK_LATENCY 0.1
0.1
#/* Input/output Delay values */
set AVG_INPUT_DELAY 0.1
0.1
set AVG_OUTPUT_DELAY 0.1
0.1
#/* Critical Range (ns) */
set CRIT_RANGE 1.0
1.0
#/***********************************************************/
#/* Design Constrains: Not all used                         */
set MAX_TRANSITION 1.0
1.0
set FAST_TRANSITION 0.1
0.1
set MAX_FANOUT 32
32
set MID_FANOUT 8
8
set LOW_FANOUT 1
1
set HIGH_DRIVE 0
0
set HIGH_LOAD 1.0
1.0
set AVG_LOAD 0.1
0.1
set AVG_FANOUT_LOAD 10
10
#/***********************************************************/
#/*BASIC_INPUT = cb18os120_tsmc_max/nd02d1/A1
#BASIC_OUTPUT = cb18os120_tsmc_max/nd02d1/ZN*/
set DRIVING_CELL dffacs1
dffacs1
#/* DONT_USE_LIST = {   } */
#/*************operation cons**************/
#/*OP_WCASE = WCCOM;
#OP_BCASE = BCCOM;*/
set WIRE_LOAD "tsmcwire"
tsmcwire
set LOGICLIB lec25dscc25_TT
lec25dscc25_TT
#/*****************************/
#/* Sourcing the file that sets the Search path and the libraries(target,link) */
set sys_clk $clock_name
clock
set netlist_file [format "%s%s"  [format "%s%s"  $SYN_DIR $design_name] ".vg"]
./reorder_buffer.vg
set db_file [format "%s%s"  [format "%s%s"  $SYN_DIR $design_name] ".db"]
./reorder_buffer.db
set rep_file [format "%s%s"  [format "%s%s"  $SYN_DIR $design_name] ".rep"]
./reorder_buffer.rep
set dc_shell_status [ set chk_file [format "%s%s"  [format "%s%s"  $SYN_DIR $design_name] ".chk"] ]
./reorder_buffer.chk
#/* if we didnt find errors at this point, run */
if {  $dc_shell_status != [list] } {
   current_design $design_name
  link
  set_wire_load_model -name $WIRE_LOAD -lib $LOGICLIB $design_name
  set_wire_load_mode top
  set_fix_multiple_port_nets -outputs -buffer_constants
  create_clock -period $CLK_PERIOD -name $sys_clk [find port $sys_clk]
  set_clock_uncertainty $CLK_UNCERTAINTY $sys_clk
  set_fix_hold $sys_clk
  group_path -from [all_inputs] -name input_grp
  group_path -to [all_outputs] -name output_grp
  set_driving_cell  -lib_cell $DRIVING_CELL [all_inputs]
  remove_driving_cell [find port $sys_clk]
  set_fanout_load $AVG_FANOUT_LOAD [all_outputs]
  set_load $AVG_LOAD [all_outputs]
  set_input_delay $AVG_INPUT_DELAY -clock $sys_clk [all_inputs]
  remove_input_delay -clock $sys_clk [find port $sys_clk]
  set_output_delay $AVG_OUTPUT_DELAY -clock $sys_clk [all_outputs]
  set_dont_touch reset_name
  set_resistance 0 reset_name
  set_drive 0 reset_name
  set_critical_range $CRIT_RANGE [current_design]
  set_max_delay $CLK_PERIOD [all_outputs]
  set MAX_FANOUT $MAX_FANOUT
  set MAX_TRANSITION $MAX_TRANSITION
  uniquify
  redirect $chk_file { check_design }
  compile -map_effort medium
  write -hier -format verilog -output $netlist_file $design_name
  write -hier -format db -output $db_file $design_name
  redirect $rep_file { report_design -nosplit }
  redirect -append $rep_file { report_area }
  redirect -append $rep_file { report_timing -max_paths 2 -input_pins -nets -transition_time -nosplit }
  redirect -append $rep_file { report_constraint -all_violators -verbose -nosplit }
  remove_design -all
  read_file -format verilog $netlist_file
  current_design $design_name
  redirect -append $rep_file { report_reference -nosplit }
  quit
} else {
   quit
}
Current design is 'reorder_buffer'.

  Linking design 'reorder_buffer'
  Using the following designs and libraries:
  --------------------------------------------------------------------------
  * (2 designs)               /afs/umich.edu/user/n/o/nowakmr/eecs470/eecs470/test/reorder_buffer/reorder_buffer.db, etc
  lec25dscc25_TT (library)    /afs/umich.edu/class/eecs470/lib/synopsys/lec25dscc25_TT.db

Warning: Can't find object 'reset_name' in design 'reorder_buffer'. (UID-95)
Error: Value for list 'object_list' must have 1 elements. (CMD-036)
Warning: Can't find net 'reset_name' in design 'reorder_buffer'. (UID-95)
Error: Value for list 'net_list' must have 1 elements. (CMD-036)
Warning: Can't find port 'reset_name' in design 'reorder_buffer'. (UID-95)
Error: Value for list 'port_list' must have 1 elements. (CMD-036)
Current design is 'reorder_buffer'.
Information: Uniquified 32 instances of design 'reorder_buffer_entry'. (OPT-1056)
Information: Evaluating DesignWare library utilization. (UISN-27)

============================================================================
| DesignWare Building Block Library  |         Version         | Available |
============================================================================
| Basic DW Building Blocks           | G-2012.06-DWBB_201206.0 |     *     |
| Licensed DW Building Blocks        |                         |           |
============================================================================


Information: There are 331 potential problems in your design. Please run 'check_design' for more information. (LINT-99)



  Beginning Pass 1 Mapping
  ------------------------
  Processing 'reorder_buffer_entry_0'
  Processing 'reorder_buffer'

  Updating timing information
Information: Updating design information... (UID-85)

  Beginning Implementation Selection
  ----------------------------------
  Processing 'reorder_buffer_DW01_dec_0'
  Processing 'reorder_buffer_DW01_add_0'
  Processing 'reorder_buffer_DW01_inc_0'
  Processing 'reorder_buffer_DW01_add_1'
  Processing 'reorder_buffer_DW01_inc_1'
  Processing 'reorder_buffer_entry_0_DW01_cmp6_0'
  Processing 'reorder_buffer_entry_0_DW01_cmp6_1'
  Processing 'reorder_buffer_entry_1_DW01_cmp6_0'
  Processing 'reorder_buffer_entry_1_DW01_cmp6_1'
  Processing 'reorder_buffer_entry_2_DW01_cmp6_0'
  Processing 'reorder_buffer_entry_2_DW01_cmp6_1'
  Processing 'reorder_buffer_entry_3_DW01_cmp6_0'
  Processing 'reorder_buffer_entry_3_DW01_cmp6_1'
  Processing 'reorder_buffer_entry_4_DW01_cmp6_0'
  Processing 'reorder_buffer_entry_4_DW01_cmp6_1'
  Processing 'reorder_buffer_entry_5_DW01_cmp6_0'
  Processing 'reorder_buffer_entry_5_DW01_cmp6_1'
  Processing 'reorder_buffer_entry_6_DW01_cmp6_0'
  Processing 'reorder_buffer_entry_6_DW01_cmp6_1'
  Processing 'reorder_buffer_entry_7_DW01_cmp6_0'
  Processing 'reorder_buffer_entry_7_DW01_cmp6_1'
  Processing 'reorder_buffer_entry_8_DW01_cmp6_0'
  Processing 'reorder_buffer_entry_8_DW01_cmp6_1'
  Processing 'reorder_buffer_entry_9_DW01_cmp6_0'
  Processing 'reorder_buffer_entry_9_DW01_cmp6_1'
  Processing 'reorder_buffer_entry_10_DW01_cmp6_0'
  Processing 'reorder_buffer_entry_10_DW01_cmp6_1'
  Processing 'reorder_buffer_entry_11_DW01_cmp6_0'
  Processing 'reorder_buffer_entry_11_DW01_cmp6_1'
  Processing 'reorder_buffer_entry_12_DW01_cmp6_0'
  Processing 'reorder_buffer_entry_12_DW01_cmp6_1'
  Processing 'reorder_buffer_entry_13_DW01_cmp6_0'
  Processing 'reorder_buffer_entry_13_DW01_cmp6_1'
  Processing 'reorder_buffer_entry_14_DW01_cmp6_0'
  Processing 'reorder_buffer_entry_14_DW01_cmp6_1'
  Processing 'reorder_buffer_entry_15_DW01_cmp6_0'
  Processing 'reorder_buffer_entry_15_DW01_cmp6_1'
  Processing 'reorder_buffer_entry_16_DW01_cmp6_0'
  Processing 'reorder_buffer_entry_16_DW01_cmp6_1'
  Processing 'reorder_buffer_entry_17_DW01_cmp6_0'
  Processing 'reorder_buffer_entry_17_DW01_cmp6_1'
  Processing 'reorder_buffer_entry_18_DW01_cmp6_0'
  Processing 'reorder_buffer_entry_18_DW01_cmp6_1'
  Processing 'reorder_buffer_entry_19_DW01_cmp6_0'
  Processing 'reorder_buffer_entry_19_DW01_cmp6_1'
  Processing 'reorder_buffer_entry_20_DW01_cmp6_0'
  Processing 'reorder_buffer_entry_20_DW01_cmp6_1'
  Processing 'reorder_buffer_entry_21_DW01_cmp6_0'
  Processing 'reorder_buffer_entry_21_DW01_cmp6_1'
  Processing 'reorder_buffer_entry_22_DW01_cmp6_0'
  Processing 'reorder_buffer_entry_22_DW01_cmp6_1'
  Processing 'reorder_buffer_entry_23_DW01_cmp6_0'
  Processing 'reorder_buffer_entry_23_DW01_cmp6_1'
  Processing 'reorder_buffer_entry_24_DW01_cmp6_0'
  Processing 'reorder_buffer_entry_24_DW01_cmp6_1'
  Processing 'reorder_buffer_entry_25_DW01_cmp6_0'
  Processing 'reorder_buffer_entry_25_DW01_cmp6_1'
  Processing 'reorder_buffer_entry_26_DW01_cmp6_0'
  Processing 'reorder_buffer_entry_26_DW01_cmp6_1'
  Processing 'reorder_buffer_entry_27_DW01_cmp6_0'
  Processing 'reorder_buffer_entry_27_DW01_cmp6_1'
  Processing 'reorder_buffer_entry_28_DW01_cmp6_0'
  Processing 'reorder_buffer_entry_28_DW01_cmp6_1'
  Processing 'reorder_buffer_entry_29_DW01_cmp6_0'
  Processing 'reorder_buffer_entry_29_DW01_cmp6_1'
  Processing 'reorder_buffer_entry_30_DW01_cmp6_0'
  Processing 'reorder_buffer_entry_30_DW01_cmp6_1'
  Processing 'reorder_buffer_entry_31_DW01_cmp6_0'
  Processing 'reorder_buffer_entry_31_DW01_cmp6_1'

  Beginning Mapping Optimizations  (Medium effort)
  -------------------------------
  Mapping Optimization (Phase 1)

   ELAPSED            WORST NEG TOTAL NEG  DESIGN                             MIN DELAY
    TIME      AREA      SLACK     SLACK   RULE COST         ENDPOINT            COST   
  --------- --------- --------- --------- --------- ------------------------- ---------
    0:00:35 1844512.2      3.60    7393.0    5124.9                                0.00
    0:00:35 1844512.2      3.60    7393.0    5124.9                                0.00
    0:00:36 1863033.4      3.60    7393.0    5118.7                                0.00
    0:00:36 1881554.7      3.60    7393.0    5113.1                                0.00
    0:00:36 1900075.9      3.60    7393.0    5107.4                                0.00
    0:00:36 1918597.2      3.60    7393.0    5101.7                                0.00
    0:00:36 1937118.4      3.60    7393.0    5096.0                                0.00
    0:00:36 1955639.6      3.60    7393.0    5090.4                                0.00
    0:00:36 1974160.9      3.60    7393.0    5084.7                                0.00
    0:00:36 1992682.1      3.60    7393.0    5079.0                                0.00
    0:00:37 2011203.4      3.60    7393.0    5057.1                                0.00
    0:00:37 2029724.6      3.60    7393.0    5036.3                                0.00
    0:00:37 2048245.8      3.60    7393.0    5030.9                                0.00
    0:00:37 2066767.1      3.60    7393.0    5025.4                                0.00
    0:00:37 2085288.3      3.60    7393.0    5020.0                                0.00
    0:00:37 2103809.6      3.60    7393.0    5014.5                                0.00
    0:00:37 2122330.8      3.60    7393.0    5009.1                                0.00
    0:00:37 2140852.0      3.60    7393.0    5003.6                                0.00
    0:00:37 2159373.3      3.60    7393.0    4998.2                                0.00
    0:00:44 2176284.2      0.00       0.0     800.0                                0.00
    0:00:45 2176284.2      0.00       0.0     800.0                                0.00
    0:00:45 2176284.2      0.00       0.0     800.0                                0.00
    0:00:45 2176284.2      0.00       0.0     800.0                                0.00
    0:00:45 2176284.2      0.00       0.0     800.0                                0.00
    0:00:45 2176284.2      0.00       0.0     800.0                                0.00
    0:00:55 1340663.8      0.00       0.0       0.0                                0.00
    0:00:56 1332783.9      0.00       0.0       0.0                                0.00
    0:01:00 1332783.9      0.00       0.0       0.0                                0.00
    0:01:00 1332783.9      0.00       0.0       0.0                                0.00
    0:01:00 1332783.9      0.00       0.0       0.0                                0.00
    0:01:00 1332783.9      0.00       0.0       0.0                                0.00
    0:01:00 1332783.9      0.00       0.0       0.0                                0.00
    0:01:00 1332783.9      0.00       0.0       0.0                                0.00
    0:01:00 1332783.9      0.00       0.0       0.0                                0.00
    0:01:00 1332783.9      0.00       0.0       0.0                                0.00



  Beginning Delay Optimization Phase
  ----------------------------------

   ELAPSED            WORST NEG TOTAL NEG  DESIGN                             MIN DELAY
    TIME      AREA      SLACK     SLACK   RULE COST         ENDPOINT            COST   
  --------- --------- --------- --------- --------- ------------------------- ---------
    0:01:00 1332783.9      0.00       0.0       0.0                                0.00
    0:01:00 1332783.9      0.00       0.0       0.0                                0.00
    0:01:18 1293925.8      0.00       0.0     410.0                                0.00


  Beginning Design Rule Fixing  (max_transition)
  ----------------------------

   ELAPSED            WORST NEG TOTAL NEG  DESIGN                             MIN DELAY
    TIME      AREA      SLACK     SLACK   RULE COST         ENDPOINT            COST   
  --------- --------- --------- --------- --------- ------------------------- ---------
    0:01:19 1293925.8      0.00       0.0     410.0                                0.00
    0:01:20 1294025.3      0.00       0.0     408.8 CREATEROBES[21].entries/value_out[62]      0.00
    0:01:21 1294124.8      0.00       0.0     407.5 CREATEROBES[13].entries/value_out[62]      0.00
    0:01:22 1294174.6      0.00       0.0     406.9 CREATEROBES[5].entries/value_out[62]      0.00
    0:01:22 1294290.7      0.00       0.0     405.4 CREATEROBES[31].entries/value_out[62]      0.00
    0:01:23 1294340.5      0.00       0.0     404.8 CREATEROBES[23].entries/value_out[62]      0.00
    0:01:23 1294440.0      0.00       0.0     403.6 CREATEROBES[15].entries/value_out[62]      0.00
    0:01:24 1294489.8      0.00       0.0     403.0 CREATEROBES[7].entries/value_out[62]      0.00
    0:01:25 1294605.9      0.00       0.0     401.6 CREATEROBES[30].entries/value_out[62]      0.00
    0:01:25 1294655.7      0.00       0.0     401.0 CREATEROBES[22].entries/value_out[62]      0.00
    0:01:26 1294755.2      0.00       0.0     399.8 CREATEROBES[14].entries/value_out[62]      0.00
    0:01:26 1294805.0      0.00       0.0     399.3 CREATEROBES[6].entries/value_out[62]      0.00
    0:01:27 1294921.1      0.00       0.0     397.9 CREATEROBES[28].entries/value_out[62]      0.00
    0:01:27 1294970.8      0.00       0.0     397.3 CREATEROBES[20].entries/value_out[62]      0.00
    0:01:28 1295070.4      0.00       0.0     396.2 CREATEROBES[12].entries/value_out[62]      0.00
    0:01:29 1295120.1      0.00       0.0     395.6 CREATEROBES[4].entries/value_out[62]      0.00
    0:01:30 1295419.2      0.00       0.0     392.3 CREATEROBES[29].entries/value_out[60]      0.00
    0:01:30 1295469.0      0.00       0.0     391.7 CREATEROBES[21].entries/value_out[60]      0.00
    0:01:31 1295568.5      0.00       0.0     390.4 CREATEROBES[13].entries/value_out[60]      0.00
    0:01:31 1295618.2      0.00       0.0     389.8 CREATEROBES[5].entries/value_out[60]      0.00
    0:01:32 1295734.4      0.00       0.0     388.3 CREATEROBES[31].entries/value_out[60]      0.00
    0:01:33 1295784.1      0.00       0.0     387.7 CREATEROBES[23].entries/value_out[60]      0.00
    0:01:33 1295883.7      0.00       0.0     386.5 CREATEROBES[15].entries/value_out[60]      0.00
    0:01:34 1295933.4      0.00       0.0     385.9 CREATEROBES[7].entries/value_out[60]      0.00
    0:01:34 1296049.5      0.00       0.0     384.5 CREATEROBES[30].entries/value_out[60]      0.00
    0:01:35 1296099.3      0.00       0.0     383.9 CREATEROBES[22].entries/value_out[60]      0.00
    0:01:35 1296198.8      0.00       0.0     382.8 CREATEROBES[14].entries/value_out[60]      0.00
    0:01:36 1296248.6      0.00       0.0     382.2 CREATEROBES[6].entries/value_out[60]      0.00
    0:01:37 1296364.7      0.00       0.0     380.8 CREATEROBES[28].entries/value_out[60]      0.00
    0:01:37 1296414.5      0.00       0.0     380.2 CREATEROBES[20].entries/value_out[60]      0.00
    0:01:38 1296514.0      0.00       0.0     379.1 CREATEROBES[12].entries/value_out[60]      0.00
    0:01:38 1296563.8      0.00       0.0     378.5 CREATEROBES[4].entries/value_out[60]      0.00
    0:01:39 1296912.1      0.00       0.0     374.1 CREATEROBES[29].entries/value_out[29]      0.00
    0:01:39 1297675.2      0.00       0.0     364.4 CREATEROBES[25].entries/value_out[17]      0.00
    0:01:39 1298438.2      0.00       0.0     354.7 CREATEROBES[25].entries/value_out[63]      0.00
    0:01:40 1299201.3      0.00       0.0     345.0 CREATEROBES[21].entries/value_out[45]      0.00
    0:01:40 1299964.3      0.00       0.0     335.3 CREATEROBES[17].entries/value_out[33]      0.00
    0:01:40 1300727.4      0.00       0.0     325.6 CREATEROBES[13].entries/value_out[21]      0.00
    0:01:40 1301490.4      0.00       0.0     316.0 CREATEROBES[9].entries/value_out[9]      0.00
    0:01:41 1302253.5      0.00       0.0     306.3 CREATEROBES[9].entries/value_out[55]      0.00
    0:01:41 1303016.5      0.00       0.0     296.6 CREATEROBES[5].entries/value_out[37]      0.00
    0:01:41 1303779.6      0.00       0.0     286.9 CREATEROBES[1].entries/value_out[25]      0.00
    0:01:42 1304542.6      0.00       0.0     277.3 CREATEROBES[31].entries/value_out[15]      0.00
    0:01:42 1305305.6      0.00       0.0     268.0 CREATEROBES[27].entries/value_out[3]      0.00
    0:01:42 1306068.7      0.00       0.0     258.8 CREATEROBES[27].entries/value_out[49]      0.00
    0:01:42 1306831.7      0.00       0.0     249.5 CREATEROBES[23].entries/value_out[31]      0.00
    0:01:43 1307594.8      0.00       0.0     240.2 CREATEROBES[19].entries/value_out[19]      0.00
    0:01:43 1308357.8      0.00       0.0     231.0 CREATEROBES[15].entries/value_out[7]      0.00
    0:01:43 1309120.9      0.00       0.0     221.7 CREATEROBES[15].entries/value_out[53]      0.00
    0:01:44 1309883.9      0.00       0.0     212.4 CREATEROBES[11].entries/value_out[41]      0.00
    0:01:44 1310647.0      0.00       0.0     203.2 CREATEROBES[7].entries/value_out[23]      0.00
    0:01:44 1311410.0      0.00       0.0     193.9 CREATEROBES[3].entries/value_out[11]      0.00
    0:01:44 1312173.1      0.00       0.0     184.6 CREATEROBES[3].entries/value_out[57]      0.00
    0:01:45 1312936.1      0.00       0.0     175.5 CREATEROBES[30].entries/value_out[47]      0.00
    0:01:45 1313699.2      0.00       0.0     166.5 CREATEROBES[26].entries/value_out[35]      0.00
    0:01:45 1314462.2      0.00       0.0     157.4 CREATEROBES[22].entries/value_out[17]      0.00
    0:01:46 1315225.3      0.00       0.0     148.3 CREATEROBES[18].entries/value_out[5]      0.00
    0:01:46 1315988.3      0.00       0.0     139.2 CREATEROBES[18].entries/value_out[51]      0.00
    0:01:46 1316751.4      0.00       0.0     130.2 CREATEROBES[14].entries/value_out[39]      0.00
    0:01:47 1317514.4      0.00       0.0     121.1 CREATEROBES[10].entries/value_out[27]      0.00
    0:01:47 1318277.5      0.00       0.0     112.0 CREATEROBES[6].entries/value_out[9]      0.00
    0:01:47 1319040.5      0.00       0.0     103.0 CREATEROBES[6].entries/value_out[55]      0.00
    0:01:47 1319803.6      0.00       0.0      93.9 CREATEROBES[2].entries/value_out[43]      0.00
    0:01:48 1320566.6      0.00       0.0      85.0 CREATEROBES[28].entries/value_out[33]      0.00
    0:01:48 1321329.7      0.00       0.0      76.3 CREATEROBES[24].entries/value_out[21]      0.00
    0:01:48 1322092.7      0.00       0.0      67.5 CREATEROBES[20].entries/value_out[3]      0.00
    0:01:49 1322855.8      0.00       0.0      58.7 CREATEROBES[20].entries/value_out[49]      0.00
    0:01:49 1323618.8      0.00       0.0      49.9 CREATEROBES[16].entries/value_out[37]      0.00
    0:01:49 1324381.9      0.00       0.0      41.2 CREATEROBES[12].entries/value_out[25]      0.00
    0:01:49 1325144.9      0.00       0.0      32.4 CREATEROBES[8].entries/value_out[13]      0.00
    0:01:50 1325908.0      0.00       0.0      23.6 CREATEROBES[8].entries/value_out[59]      0.00
    0:01:50 1326671.0      0.00       0.0      14.9 CREATEROBES[0].entries/value_out[36]      0.00
    0:01:50 1327434.1      0.00       0.0       6.1 CREATEROBES[4].entries/value_out[48]      0.00
    0:01:51 1327964.9      0.00       0.0       0.0                                0.00


  Beginning Critical Range Optimization
  -------------------------------------

   ELAPSED            WORST NEG TOTAL NEG  DESIGN                             MIN DELAY
    TIME      AREA      SLACK     SLACK   RULE COST         ENDPOINT            COST   
  --------- --------- --------- --------- --------- ------------------------- ---------
    0:01:51 1327964.9      0.00       0.0       0.0                                0.00


  Beginning Area-Recovery Phase  (cleanup)
  -----------------------------

   ELAPSED            WORST NEG TOTAL NEG  DESIGN                             MIN DELAY
    TIME      AREA      SLACK     SLACK   RULE COST         ENDPOINT            COST   
  --------- --------- --------- --------- --------- ------------------------- ---------
    0:01:51 1327964.9      0.00       0.0       0.0                                0.00
    0:01:51 1327964.9      0.00       0.0       0.0                                0.00
    0:01:51 1327964.9      0.00       0.0       0.0                                0.00
    0:01:52 1318797.1      0.00       0.0       0.0                                0.00
    0:01:54 1312208.5      0.00       0.0       0.0                                0.00
    0:01:55 1306819.8      0.00       0.0       0.0                                0.00
    0:01:57 1303208.4      0.00       0.0       0.0                                0.00
    0:01:58 1300399.8      0.00       0.0       0.0                                0.00
    0:01:59 1299563.9      0.00       0.0       0.0                                0.00
    0:02:00 1298761.5      0.00       0.0       0.0                                0.00
    0:02:01 1298092.8      0.00       0.0       0.0                                0.00
    0:02:01 1297424.1      0.00       0.0       0.0                                0.00
    0:02:02 1296889.1      0.00       0.0       0.0                                0.00
    0:02:03 1296354.1      0.00       0.0       0.0                                0.00
    0:02:03 1295852.6      0.00       0.0       0.0                                0.00
    0:02:04 1295384.5      0.00       0.0       0.0                                0.00
    0:02:04 1294983.3      0.00       0.0       0.0                                0.00
    0:02:04 1294582.1      0.00       0.0       0.0                                0.00
    0:02:05 1294180.8      0.00       0.0       0.0                                0.00
    0:02:05 1294180.8      0.00       0.0       0.0                                0.00
    0:02:05 1294180.8      0.00       0.0       0.0                                0.00
    0:02:05 1294180.8      0.00       0.0       0.0                                0.00
    0:02:05 1294180.8      0.00       0.0       0.0                                0.00
    0:02:06 1294180.8      0.00       0.0       0.0                                0.00
    0:02:06 1294180.8      0.00       0.0       0.0                                0.00
    0:02:06 1294180.8      0.00       0.0       0.0                                0.00
    0:02:06 1294180.8      0.00       0.0       0.0                                0.00
    0:02:06 1294180.8      0.00       0.0       0.0                                0.00
    0:02:06 1294180.8      0.00       0.0       0.0                                0.00


  Beginning Critical Range Optimization
  -------------------------------------

   ELAPSED            WORST NEG TOTAL NEG  DESIGN                             MIN DELAY
    TIME      AREA      SLACK     SLACK   RULE COST         ENDPOINT            COST   
  --------- --------- --------- --------- --------- ------------------------- ---------
    0:02:06 1294180.8      0.00       0.0       0.0                                0.00
    0:02:06 1294180.8      0.00       0.0       0.0                                0.00
Loading db file '/afs/umich.edu/class/eecs470/lib/synopsys/lec25dscc25_TT.db'

  Optimization Complete
  ---------------------
Warning: Design 'reorder_buffer' contains 1 high-fanout nets. A fanout number of 1000 will be used for delay calculations involving these nets. (TIM-134)
     Net 'CREATEROBES[1].entries/clock': 2320 load(s), 1 driver(s)
Writing verilog file '/afs/umich.edu/user/n/o/nowakmr/eecs470/eecs470/test/reorder_buffer/reorder_buffer.vg'.
Warning: Verilog 'assign' or 'tran' statements are written out. (VO-4)
Error: Writing designs in DB format is no longer supported. (UID-530)
Removing design 'reorder_buffer'
Removing design 'reorder_buffer_entry_0'
Removing design 'reorder_buffer_entry_1'
Removing design 'reorder_buffer_entry_2'
Removing design 'reorder_buffer_entry_3'
Removing design 'reorder_buffer_entry_4'
Removing design 'reorder_buffer_entry_5'
Removing design 'reorder_buffer_entry_6'
Removing design 'reorder_buffer_entry_7'
Removing design 'reorder_buffer_entry_8'
Removing design 'reorder_buffer_entry_9'
Removing design 'reorder_buffer_entry_10'
Removing design 'reorder_buffer_entry_11'
Removing design 'reorder_buffer_entry_12'
Removing design 'reorder_buffer_entry_13'
Removing design 'reorder_buffer_entry_14'
Removing design 'reorder_buffer_entry_15'
Removing design 'reorder_buffer_entry_16'
Removing design 'reorder_buffer_entry_17'
Removing design 'reorder_buffer_entry_18'
Removing design 'reorder_buffer_entry_19'
Removing design 'reorder_buffer_entry_20'
Removing design 'reorder_buffer_entry_21'
Removing design 'reorder_buffer_entry_22'
Removing design 'reorder_buffer_entry_23'
Removing design 'reorder_buffer_entry_24'
Removing design 'reorder_buffer_entry_25'
Removing design 'reorder_buffer_entry_26'
Removing design 'reorder_buffer_entry_27'
Removing design 'reorder_buffer_entry_28'
Removing design 'reorder_buffer_entry_29'
Removing design 'reorder_buffer_entry_30'
Removing design 'reorder_buffer_entry_31'
Removing design 'reorder_buffer_DW01_inc_0'
Removing design 'reorder_buffer_DW01_inc_1'
Removing library 'lec25dscc25_TT'
Removing library 'gtech'
Removing library 'standard.sldb'
Loading db file '/afs/umich.edu/class/eecs470/lib/synopsys/lec25dscc25_TT.db'
Loading db file '/usr/caen/synopsys-synth-2012.06/libraries/syn/gtech.db'
Loading db file '/usr/caen/synopsys-synth-2012.06/libraries/syn/standard.sldb'
  Loading link library 'lec25dscc25_TT'
  Loading link library 'gtech'
Loading verilog file '/afs/umich.edu/user/n/o/nowakmr/eecs470/eecs470/test/reorder_buffer/reorder_buffer.vg'
Detecting input file type automatically (-rtl or -netlist).
Running DC verilog reader
Performing 'read' command.
Compiling source file /afs/umich.edu/user/n/o/nowakmr/eecs470/eecs470/test/reorder_buffer/reorder_buffer.vg
Reading with netlist reader (equivalent to -netlist option).
Verilog netlist reader completed successfully.
Current design is now '/afs/umich.edu/user/n/o/nowakmr/eecs470/eecs470/test/reorder_buffer/reorder_buffer_entry_31.db:reorder_buffer_entry_31'
Loaded 35 designs.
Current design is 'reorder_buffer_entry_31'.
Current design is 'reorder_buffer'.

Thank you...
