
Warning-[LNX_OS_VERUN] Unsupported Linux version
  Linux version 'Red Hat Enterprise Linux Workstation release 6.3 (Santiago)' 
  is not supported on 'x86_64' officially, assuming linux compatibility by 
  default. Set VCS_ARCH_OVERRIDE to linux or suse32 to override.
  Please refer to release notes for information on supported platforms.

                         Chronologic VCS (TM)
         Version E-2011.03_Full64 -- Thu Apr  4 03:50:05 2013
               Copyright (c) 1991-2011 by Synopsys Inc.
                         ALL RIGHTS RESERVED

This program is proprietary and confidential information of Synopsys Inc.
and may be used and disclosed only as authorized in a license agreement
controlling such use and disclosure.

DirectC Release 1.0 Copyright (c) 1991-2011 by Synopsys Inc.
Parsing design file 'test_reservation_station.v'
Parsing design file 'reservation_station.v'

Warning-[TMR] Text macro redefined
reservation_station.v, 18
  Text macro (RSTAG_NULL) is redefined. The last definition will override 
  previous ones.
  In test_reservation_station.v, 4, it was defined as 8'hFF     

Top Level Modules:
       testbench
No TimeScale specified

Warning-[SIOB] Select index out of bounds
reservation_station.v, 663
"first_empty_filleds[(0 - 1)]"
  The select index is out of declared bounds : [7:0].
  In module instance : rs 
  In module : reservation_station.


Warning-[SIOB] Select index out of bounds
reservation_station.v, 663
"second_empty_filleds[(0 - 1)]"
  The select index is out of declared bounds : [7:0].
  In module instance : rs 
  In module : reservation_station.

Notice: Ports coerced to inout, use -notice for details
Starting vcs inline pass...
2 modules and 0 UDP read.
recompiling module testbench
recompiling module reservation_station_entry
Both modules done.
make[1]: Entering directory `/afs/umich.edu/user/n/o/nowakmr/eecs470/eecs470/test/reservation_station/csrc'
if [ -x ../simv ]; then chmod -x ../simv; fi
g++  -o ../simv   -Wl,-whole-archive    -Wl,-no-whole-archive  _vcsobj_1_1.o  5NrI_d.o 5NrIB_d.o SIM_l.o     rmapats_mop.o rmapats.o      /usr/caen/vcs-2011.03/amd64/lib/libvirsim.so /usr/caen/vcs-2011.03/amd64/lib/liberrorinf.so /usr/caen/vcs-2011.03/amd64/lib/libsnpsmalloc.so     /usr/caen/vcs-2011.03/amd64/lib/libvcsnew.so /usr/caen/vcs-2011.03/amd64/lib/libuclinative.so         /usr/caen/vcs-2011.03/amd64/lib/vcs_save_restore_new.o -ldl  -lc -lm -lpthread -ldl 
../simv up to date
make[1]: Leaving directory `/afs/umich.edu/user/n/o/nowakmr/eecs470/eecs470/test/reservation_station/csrc'
Chronologic VCS simulator copyright 1991-2011
Contains Synopsys proprietary information.
Compiler version E-2011.03_Full64; Runtime version E-2011.03_Full64;  Apr  4 03:50 2013

STARTING TESTBENCH!

  preclock: reset=1 fe=xxxxxxxx se=xxxxxxxx states=xxxxxxxxxxxxxxxxxxxxxxxx fills=xxxxxxxx
 postclock: reset=1 se=11111111 se=11111111 states=000000000000000000000000 fills=00000000

  preclock: reset=0 fe=11111111 se=11111111 states=000000000000000000000000 fills=00000000
 postclock: reset=0 se=00000000 se=00000000 states=100100100100100100100100 fills=00000000

@@@ Incorrect at time   20
ENDING TESTBENCH : ERROR !
$finish called from file "test_reservation_station.v", line 198.
$finish at simulation time                   20
           V C S   S i m u l a t i o n   R e p o r t 
Time: 20
CPU Time:      0.010 seconds;       Data structure size:   0.1Mb
Thu Apr  4 03:50:06 2013
CPU time: .434 seconds to compile + .060 seconds to elab + .210 seconds to link + .055 seconds in simulation
