
Warning-[LNX_OS_VERUN] Unsupported Linux version
  Linux version 'Red Hat Enterprise Linux Workstation release 6.3 (Santiago)' 
  is not supported on 'x86_64' officially, assuming linux compatibility by 
  default. Set VCS_ARCH_OVERRIDE to linux or suse32 to override.
  Please refer to release notes for information on supported platforms.

                         Chronologic VCS (TM)
         Version E-2011.03_Full64 -- Sat Apr 13 05:40:58 2013
               Copyright (c) 1991-2011 by Synopsys Inc.
                         ALL RIGHTS RESERVED

This program is proprietary and confidential information of Synopsys Inc.
and may be used and disclosed only as authorized in a license agreement
controlling such use and disclosure.

DirectC Release 1.0 Copyright (c) 1991-2011 by Synopsys Inc.
Parsing design file '../../vsimp_new/sys_defs.vh'
Parsing design file 'test_branch_predictor.v'
Parsing design file 'branch_predictor.vg'
Parsing design file '/afs/umich.edu/class/eecs470/lib/verilog/lec25dscc25.v'
Top Level Modules:
       testbench
       and3s1
       and3s2
       and3s3
       and4s1
       and4s2
       aoai1112s1
       aoai1112s2
       aoai1112s3
       aoi123s1
       aoi123s2
       aoi123s3
       aoi13s1
       aoi13s2
       aoi13s3
       aoi211s1
       aoi211s2
       aoi211s3
       aoi21s1
       aoi21s3
       aoi221s1
       aoi221s2
       aoi221s3
       aoi2221s1
       aoi2221s2
       aoi2221s3
       aoi222s1
       aoi222s2
       aoi222s3
       aoi22s1
       aoi22s3
       aoi23s1
       aoi23s2
       aoi23s3
       aoi33s1
       aoi33s2
       aoi33s3
       aoi4111s1
       aoi4111s2
       aoi4111s3
       aoi42s1
       aoi42s2
       aoi42s3
       bshes1
       bshes2
       bshes3
       bsles1
       bsles2
       bsles3
       dchei24s1
       dchei24s2
       dchei24s3
       dci24s1
       dci24s2
       dci24s3
       dclei24s1
       dclei24s2
       dclei24s3
       dffacs1
       dffacs2
       dffascs1
       dffascs2
       dffass1
       dffass2
       dffcs1
       dffcs2
       dffles1
       dffles2
       dffscs1
       dffscs2
       dffss1
       dffss2
       di2s1
       di2s2
       di2s3
       di2s4
       di2s5
       di2s6
       dsmxc31s1
       dsmxc31s2
       fadd1s1
       fadd1s2
       fadd1s3
       hi1s1
       hib1s1
       hnb1s1
       i1s2
       i1s4
       i1s5
       i1s6
       i1s7
       ib1s2
       ib1s3
       ib1s4
       ib1s5
       lclks1
       lclks2
       lcs1
       lcs2
       lnnds1
       lnnds2
       lnors1
       lnors2
       lscs1
       lscs2
       lss1
       lss2
       mx21s1
       mx21s2
       mx21s3
       mx41s1
       mx41s2
       mx41s3
       mxi21s1
       mxi21s2
       mxi21s3
       mxi41s2
       mxi41s3
       nb1s1
       nb1s2
       nb1s3
       nb1s4
       nb1s5
       nb1s6
       nnd2s1
       nnd2s3
       nnd3s1
       nnd3s3
       nnd4s1
       nnd4s2
       nnd4s3
       nnd5s3
       nnd6s3
       nor2s2
       nor2s3
       nor3s1
       nor3s2
       nor3s3
       nor4s1
       nor4s2
       nor4s3
       nor5s1
       nor5s2
       nor5s3
       nor6s1
       nor6s2
       nor6s3
       npd1s1
       npd1s2
       npt1s1
       npt1s2
       npt1s3
       npt1s4
       npt1s5
       npt1s6
       oaaoi1123s1
       oaaoi1123s2
       oaaoi1123s3
       oai1112s1
       oai1112s2
       oai1112s3
       oai211s1
       oai211s2
       oai211s3
       oai21s1
       oai21s3
       oai221s1
       oai221s3
       oai2222s1
       oai2222s2
       oai2222s3
       oai222s2
       oai222s3
       oai22s1
       oai22s2
       oai24s1
       oai24s2
       oai24s3
       oai322s1
       oai322s2
       oai322s3
       oai32s1
       oai32s2
       oai32s3
       oai33s2
       oai33s3
       or2s2
       or2s3
       or3s1
       or3s2
       or3s3
       or4s1
       or4s2
       or4s3
       or5s1
       or5s2
       or5s3
       ppt1s1
       ppt1s2
       ppt1s3
       ppt1s4
       ppt1s5
       ppt1s6
       ppu1s1
       ppu1s2
       rpc1s1
       rpc1s2
       sdffacs1
       sdffacs2
       sdffascs1
       sdffascs2
       sdffass1
       sdffass2
       sdffcs1
       sdffcs2
       sdffles1
       sdffles2
       sdffs1
       sdffs2
       sdffscs1
       sdffscs2
       sdffss1
       sdffss2
       sub1s1
       sub1s2
       sub1s3
       tibh1s1
       tibh1s2
       tibh1s3
       tibh1s4
       tibh1s5
       tibl1s1
       tibl1s2
       tibl1s3
       tibl1s4
       tibl1s5
       tnbh1s1
       tnbh1s2
       tnbh1s3
       tnbh1s4
       tnbh1s5
       tnbl1s1
       xnr2s3
       xnr3s1
       xnr3s2
       xnr3s3
       xor2s1
       xor3s1
       xor3s2
       xor3s3
       and4s3
       aoai122s1
       aoai122s2
       aoai122s3
       clc2s1
       clc2s2
       clc2s3
       di2s10
       di2s11
       di2s12
       di2s7
       di2s8
       di2s9
       faddpgs1
       faddpgs2
       faddpgs3
       hadd1s1
       hadd1s2
       hadd1s3
       i1s10
       i1s11
       i1s12
       i1s8
       i1s9
       ib1s10
       ib1s11
       ib1s12
       ib1s6
       ib1s7
       ib1s8
       ib1s9
       nb1s10
       nb1s11
       nb1s12
       nb1s7
       nb1s8
       nb1s9
       nnd7s3
       nnd8s3
       nor7s3
       oai13s1
       oai13s2
       oai13s3
       oai22s3
       oai321s1
       oai321s2
       oai321s3
       oai33s1
       tibh1s6
       tibl1s6
       tnbh1s6
       tnbl1s2
       tnbl1s3
       tnbl1s4
       tnbl1s5
       tnbl1s6
No TimeScale specified
Notice: Ports coerced to inout, use -notice for details
Starting vcs inline pass...
327 modules and 8 UDPs read.
recompiling module testbench because:
	This module or some inlined child module(s) has/have been modified.
recompiling module and2s2 because:
	Generated file (GUyJ_1) not found, or not incremental.
recompiling module and2s3 because:
	Generated file (f2gZ_1) not found, or not incremental.
recompiling module and3s1 because:
	Generated file (k56F_1) not found, or not incremental.
recompiling module and3s2 because:
	Generated file (FuDm_1) not found, or not incremental.
recompiling module and3s3 because:
	Generated file (upza_1) not found, or not incremental.
recompiling module and4s1 because:
	Generated file (1F71_1) not found, or not incremental.
recompiling module and4s2 because:
	Generated file (S5a4_1) not found, or not incremental.
recompiling module aoai1112s1 because:
	Generated file (sW1c_1) not found, or not incremental.
recompiling module aoai1112s2 because:
	Generated file (73MN_1) not found, or not incremental.
recompiling module aoai1112s3 because:
	Generated file (AsHp_1) not found, or not incremental.
recompiling module aoi123s1 because:
	Generated file (9mMD_1) not found, or not incremental.
recompiling module aoi123s2 because:
	Generated file (OYjW_1) not found, or not incremental.
recompiling module aoi123s3 because:
	Generated file (JyNg_1) not found, or not incremental.
recompiling module aoi13s1 because:
	Generated file (JX1P_1) not found, or not incremental.
recompiling module aoi13s2 because:
	Generated file (oSGI_1) not found, or not incremental.
recompiling module aoi13s3 because:
	Generated file (NmZs_1) not found, or not incremental.
recompiling module aoi211s1 because:
	Generated file (OjYJ_1) not found, or not incremental.
recompiling module aoi211s2 because:
	Generated file (TTAN_1) not found, or not incremental.
recompiling module aoi211s3 because:
	Generated file (WGWo_1) not found, or not incremental.
recompiling module aoi21s1 because:
	Generated file (vDt4_1) not found, or not incremental.
recompiling module aoi21s2 because:
	Generated file (4266_1) not found, or not incremental.
recompiling module aoi21s3 because:
	Generated file (Z2ch_1) not found, or not incremental.
recompiling module aoi221s1 because:
	Generated file (4SSa_1) not found, or not incremental.
recompiling module aoi221s2 because:
	Generated file (npyC_1) not found, or not incremental.
recompiling module aoi221s3 because:
	Generated file (wpCO_1) not found, or not incremental.
recompiling module aoi2221s1 because:
	Generated file (1oPS_1) not found, or not incremental.
recompiling module aoi2221s2 because:
	Generated file (UX3o_1) not found, or not incremental.
recompiling module aoi2221s3 because:
	Generated file (ttXd_1) not found, or not incremental.
recompiling module aoi222s1 because:
	Generated file (HSyf_1) not found, or not incremental.
recompiling module aoi222s2 because:
	Generated file (0q2i_1) not found, or not incremental.
recompiling module aoi222s3 because:
	Generated file (1FpT_1) not found, or not incremental.
recompiling module aoi22s1 because:
	Generated file (mpbp_1) not found, or not incremental.
recompiling module aoi22s2 because:
	Generated file (Zju0_1) not found, or not incremental.
recompiling module aoi22s3 because:
	Generated file (YyOC_1) not found, or not incremental.
recompiling module aoi23s1 because:
	Generated file (ZIu1_1) not found, or not incremental.
recompiling module aoi23s2 because:
	Generated file (ofsk_1) not found, or not incremental.
recompiling module aoi23s3 because:
	Generated file (TKoD_1) not found, or not incremental.
recompiling module aoi33s1 because:
	Generated file (y9ae_1) not found, or not incremental.
recompiling module aoi33s2 because:
	Generated file (1eXb_1) not found, or not incremental.
recompiling module aoi33s3 because:
	Generated file (0Rq0_1) not found, or not incremental.
recompiling module aoi4111s1 because:
	Generated file (uB1z_1) not found, or not incremental.
recompiling module aoi4111s2 because:
	Generated file (rrWm_1) not found, or not incremental.
recompiling module aoi4111s3 because:
	Generated file (gFr2_1) not found, or not incremental.
recompiling module aoi42s1 because:
	Generated file (ubdU_1) not found, or not incremental.
recompiling module aoi42s2 because:
	Generated file (NPXX_1) not found, or not incremental.
recompiling module aoi42s3 because:
	Generated file (Glpg_1) not found, or not incremental.
recompiling module bshes1 because:
	Generated file (xnY0_1) not found, or not incremental.
recompiling module bshes2 because:
	Generated file (uIE3_1) not found, or not incremental.
recompiling module bshes3 because:
	Generated file (5IKe_1) not found, or not incremental.
50 of 327 modules done
recompiling module bsles1 because:
	Generated file (ohMY_1) not found, or not incremental.
recompiling module bsles2 because:
	Generated file (BCmF_1) not found, or not incremental.
recompiling module bsles3 because:
	Generated file (gwhu_1) not found, or not incremental.
recompiling module dchei24s1 because:
	Generated file (xz8t_1) not found, or not incremental.
recompiling module dchei24s2 because:
	Generated file (icCa_1) not found, or not incremental.
recompiling module dchei24s3 because:
	Generated file (n17Q_1) not found, or not incremental.
recompiling module dci24s1 because:
	Generated file (EHME_1) not found, or not incremental.
recompiling module dci24s2 because:
	Generated file (zzzR_1) not found, or not incremental.
recompiling module dci24s3 because:
	Generated file (mGFg_1) not found, or not incremental.
recompiling module dclei24s1 because:
	Generated file (qdvJ_1) not found, or not incremental.
recompiling module dclei24s2 because:
	Generated file (pkvw_1) not found, or not incremental.
recompiling module dclei24s3 because:
	Generated file (kjql_1) not found, or not incremental.
recompiling module dffacs1 because:
	Generated file (D3YV_1) not found, or not incremental.
recompiling module dffacs2 because:
	Generated file (szhw_1) not found, or not incremental.
recompiling module dffascs1 because:
	Generated file (drrE_1) not found, or not incremental.
recompiling module dffascs2 because:
	Generated file (yGUr_1) not found, or not incremental.
recompiling module dffass1 because:
	Generated file (hLHW_1) not found, or not incremental.
recompiling module dffass2 because:
	Generated file (gF4U_1) not found, or not incremental.
recompiling module dffcs1 because:
	Generated file (h4q0_1) not found, or not incremental.
recompiling module dffcs2 because:
	Generated file (OWBq_1) not found, or not incremental.
recompiling module dffles1 because:
	Generated file (zNwa_1) not found, or not incremental.
recompiling module dffles2 because:
	Generated file (K6i7_1) not found, or not incremental.
recompiling module dffs1 because:
	Generated file (XJKR_1) not found, or not incremental.
recompiling module dffs2 because:
	Generated file (o1wN_1) not found, or not incremental.
recompiling module dffscs1 because:
	Generated file (VXFK_1) not found, or not incremental.
recompiling module dffscs2 because:
	Generated file (GubN_1) not found, or not incremental.
recompiling module dffss1 because:
	Generated file (P8Fg_1) not found, or not incremental.
recompiling module dffss2 because:
	Generated file (6zMi_1) not found, or not incremental.
recompiling module di2s1 because:
	Generated file (IGX4_1) not found, or not incremental.
recompiling module di2s2 because:
	Generated file (jccB_1) not found, or not incremental.
recompiling module di2s3 because:
	Generated file (o0Gi_1) not found, or not incremental.
recompiling module di2s4 because:
	Generated file (fFHx_1) not found, or not incremental.
recompiling module di2s5 because:
	Generated file (0xAm_1) not found, or not incremental.
recompiling module di2s6 because:
	Generated file (z4Ha_1) not found, or not incremental.
recompiling module dsmxc31s1 because:
	Generated file (JPDU_1) not found, or not incremental.
recompiling module dsmxc31s2 because:
	Generated file (GiWr_1) not found, or not incremental.
recompiling module fadd1s1 because:
	Generated file (BQXo_1) not found, or not incremental.
recompiling module fadd1s2 because:
	Generated file (sdHC_1) not found, or not incremental.
recompiling module fadd1s3 because:
	Generated file (9moR_1) not found, or not incremental.
recompiling module hi1s1 because:
	Generated file (gPO4_1) not found, or not incremental.
recompiling module hib1s1 because:
	Generated file (enGF_1) not found, or not incremental.
recompiling module hnb1s1 because:
	Generated file (06KC_1) not found, or not incremental.
recompiling module i1s1 because:
	Generated file (vpAW_1) not found, or not incremental.
recompiling module i1s2 because:
	Generated file (sELO_1) not found, or not incremental.
recompiling module i1s3 because:
	Generated file (f27p_1) not found, or not incremental.
recompiling module i1s4 because:
	Generated file (AkDd_1) not found, or not incremental.
recompiling module i1s5 because:
	Generated file (PyoW_1) not found, or not incremental.
recompiling module i1s6 because:
	Generated file (QjIy_1) not found, or not incremental.
recompiling module i1s7 because:
	Generated file (JY29_1) not found, or not incremental.
recompiling module ib1s1 because:
	Generated file (Ze9V_1) not found, or not incremental.
100 of 327 modules done
recompiling module ib1s2 because:
	Generated file (6e3a_1) not found, or not incremental.
recompiling module ib1s3 because:
	Generated file (RDcy_1) not found, or not incremental.
recompiling module ib1s4 because:
	Generated file (wyVo_1) not found, or not incremental.
recompiling module ib1s5 because:
	Generated file (VCEE_1) not found, or not incremental.
recompiling module lclks1 because:
	Generated file (Ypip_1) not found, or not incremental.
recompiling module lclks2 because:
	Generated file (nDmn_1) not found, or not incremental.
recompiling module lcs1 because:
	Generated file (jXsj_1) not found, or not incremental.
recompiling module lcs2 because:
	Generated file (q3Tm_1) not found, or not incremental.
recompiling module lnnds1 because:
	Generated file (KMP9_1) not found, or not incremental.
recompiling module lnnds2 because:
	Generated file (X2qc_1) not found, or not incremental.
recompiling module lnors1 because:
	Generated file (9qAJ_1) not found, or not incremental.
recompiling module lnors2 because:
	Generated file (ajaq_1) not found, or not incremental.
recompiling module lscs1 because:
	Generated file (Vc6S_1) not found, or not incremental.
recompiling module lscs2 because:
	Generated file (yAhh_1) not found, or not incremental.
recompiling module lss1 because:
	Generated file (73iL_1) not found, or not incremental.
recompiling module lss2 because:
	Generated file (4Myi_1) not found, or not incremental.
recompiling module mx21s1 because:
	Generated file (11t7_1) not found, or not incremental.
recompiling module mx21s2 because:
	Generated file (aOg4_1) not found, or not incremental.
recompiling module mx21s3 because:
	Generated file (fFiL_1) not found, or not incremental.
recompiling module mx41s1 because:
	Generated file (ZOKk_1) not found, or not incremental.
recompiling module mx41s2 because:
	Generated file (SXUJ_1) not found, or not incremental.
recompiling module mx41s3 because:
	Generated file (xWZ7_1) not found, or not incremental.
recompiling module mxi21s1 because:
	Generated file (9PIy_1) not found, or not incremental.
recompiling module mxi21s2 because:
	Generated file (QWeV_1) not found, or not incremental.
recompiling module mxi21s3 because:
	Generated file (ZHwb_1) not found, or not incremental.
recompiling module mxi41s1 because:
	Generated file (thGM_1) not found, or not incremental.
recompiling module mxi41s2 because:
	Generated file (QE8K_1) not found, or not incremental.
recompiling module mxi41s3 because:
	Generated file (L63z_1) not found, or not incremental.
recompiling module nb1s1 because:
	Generated file (Hjbj_1) not found, or not incremental.
recompiling module nb1s2 because:
	Generated file (8z6Z_1) not found, or not incremental.
recompiling module nb1s3 because:
	Generated file (R5bG_1) not found, or not incremental.
recompiling module nb1s4 because:
	Generated file (KMAO_1) not found, or not incremental.
recompiling module nb1s5 because:
	Generated file (jo3D_1) not found, or not incremental.
recompiling module nb1s6 because:
	Generated file (QgQA_1) not found, or not incremental.
recompiling module nnd2s1 because:
	Generated file (3bpJ_1) not found, or not incremental.
recompiling module nnd2s2 because:
	Generated file (Ej9X_1) not found, or not incremental.
recompiling module nnd2s3 because:
	Generated file (D5hl_1) not found, or not incremental.
recompiling module nnd3s1 because:
	Generated file (YC37_1) not found, or not incremental.
recompiling module nnd3s2 because:
	Generated file (jCgD_1) not found, or not incremental.
recompiling module nnd3s3 because:
	Generated file (a9Mk_1) not found, or not incremental.
recompiling module nnd4s1 because:
	Generated file (LXwo_1) not found, or not incremental.
recompiling module nnd4s2 because:
	Generated file (S7fh_1) not found, or not incremental.
recompiling module nnd4s3 because:
	Generated file (JR9T_1) not found, or not incremental.
recompiling module nnd5s3 because:
	Generated file (s7gI_1) not found, or not incremental.
recompiling module nnd6s3 because:
	Generated file (TJJO_1) not found, or not incremental.
recompiling module nor2s1 because:
	Generated file (7gGA_1) not found, or not incremental.
recompiling module nor2s2 because:
	Generated file (khhD_1) not found, or not incremental.
recompiling module nor2s3 because:
	Generated file (zFEf_1) not found, or not incremental.
recompiling module nor3s1 because:
	Generated file (2BYx_1) not found, or not incremental.
recompiling module nor3s2 because:
	Generated file (xEwK_1) not found, or not incremental.
150 of 327 modules done
recompiling module nor3s3 because:
	Generated file (6it3_1) not found, or not incremental.
recompiling module nor4s1 because:
	Generated file (b9IV_1) not found, or not incremental.
recompiling module nor4s2 because:
	Generated file (KWei_1) not found, or not incremental.
recompiling module nor4s3 because:
	Generated file (JiUH_1) not found, or not incremental.
recompiling module nor5s1 because:
	Generated file (Y2Cj_1) not found, or not incremental.
recompiling module nor5s2 because:
	Generated file (BUCZ_1) not found, or not incremental.
recompiling module nor5s3 because:
	Generated file (8OGG_1) not found, or not incremental.
recompiling module nor6s1 because:
	Generated file (Ji88_1) not found, or not incremental.
recompiling module nor6s2 because:
	Generated file (A8pf_1) not found, or not incremental.
recompiling module nor6s3 because:
	Generated file (vN6v_1) not found, or not incremental.
recompiling module npd1s1 because:
	Generated file (tZEx_1) not found, or not incremental.
recompiling module npd1s2 because:
	Generated file (ymsK_1) not found, or not incremental.
recompiling module npt1s1 because:
	Generated file (SSWp_1) not found, or not incremental.
recompiling module npt1s2 because:
	Generated file (7v2r_1) not found, or not incremental.
recompiling module npt1s3 because:
	Generated file (0TzB_1) not found, or not incremental.
recompiling module npt1s4 because:
	Generated file (xR35_1) not found, or not incremental.
recompiling module npt1s5 because:
	Generated file (mlYo_1) not found, or not incremental.
recompiling module npt1s6 because:
	Generated file (TcXH_1) not found, or not incremental.
recompiling module oaaoi1123s1 because:
	Generated file (Xyr2_1) not found, or not incremental.
recompiling module oaaoi1123s2 because:
	Generated file (6LIg_1) not found, or not incremental.
recompiling module oaaoi1123s3 because:
	Generated file (tZWw_1) not found, or not incremental.
recompiling module oai1112s1 because:
	Generated file (R6ak_1) not found, or not incremental.
recompiling module oai1112s2 because:
	Generated file (aq1W_1) not found, or not incremental.
recompiling module oai1112s3 because:
	Generated file (j5iG_1) not found, or not incremental.
recompiling module oai211s1 because:
	Generated file (mVK6_1) not found, or not incremental.
recompiling module oai211s2 because:
	Generated file (zfXC_1) not found, or not incremental.
recompiling module oai211s3 because:
	Generated file (QcRr_1) not found, or not incremental.
recompiling module oai21s1 because:
	Generated file (mAK6_1) not found, or not incremental.
recompiling module oai21s2 because:
	Generated file (3oEl_1) not found, or not incremental.
recompiling module oai21s3 because:
	Generated file (qVJJ_1) not found, or not incremental.
recompiling module oai221s1 because:
	Generated file (gzSb_1) not found, or not incremental.
recompiling module oai221s2 because:
	Generated file (Xfn8_1) not found, or not incremental.
recompiling module oai221s3 because:
	Generated file (IF4x_1) not found, or not incremental.
recompiling module oai2222s1 because:
	Generated file (grq0_1) not found, or not incremental.
recompiling module oai2222s2 because:
	Generated file (9b8x_1) not found, or not incremental.
recompiling module oai2222s3 because:
	Generated file (8GAn_1) not found, or not incremental.
recompiling module oai222s1 because:
	Generated file (ZaAh_1) not found, or not incremental.
recompiling module oai222s2 because:
	Generated file (KVUO_1) not found, or not incremental.
recompiling module oai222s3 because:
	Generated file (3fND_1) not found, or not incremental.
recompiling module oai22s1 because:
	Generated file (7aCc_1) not found, or not incremental.
recompiling module oai22s2 because:
	Generated file (Wp6Z_1) not found, or not incremental.
recompiling module oai24s1 because:
	Generated file (z3Sr_1) not found, or not incremental.
recompiling module oai24s2 because:
	Generated file (w6QK_1) not found, or not incremental.
recompiling module oai24s3 because:
	Generated file (7CqU_1) not found, or not incremental.
recompiling module oai322s1 because:
	Generated file (cVGK_1) not found, or not incremental.
recompiling module oai322s2 because:
	Generated file (buuH_1) not found, or not incremental.
recompiling module oai322s3 because:
	Generated file (yvWx_1) not found, or not incremental.
recompiling module oai32s1 because:
	Generated file (2PsA_1) not found, or not incremental.
recompiling module oai32s2 because:
	Generated file (T4M5_1) not found, or not incremental.
recompiling module oai32s3 because:
	Generated file (O9Io_1) not found, or not incremental.
200 of 327 modules done
recompiling module oai33s2 because:
	Generated file (acuG_1) not found, or not incremental.
recompiling module oai33s3 because:
	Generated file (HQOi_1) not found, or not incremental.
recompiling module or2s1 because:
	Generated file (aLae_1) not found, or not incremental.
recompiling module or2s2 because:
	Generated file (lcNg_1) not found, or not incremental.
recompiling module or2s3 because:
	Generated file (UgSr_1) not found, or not incremental.
recompiling module or3s1 because:
	Generated file (DXXd_1) not found, or not incremental.
recompiling module or3s2 because:
	Generated file (0Pv4_1) not found, or not incremental.
recompiling module or3s3 because:
	Generated file (1GMP_1) not found, or not incremental.
recompiling module or4s1 because:
	Generated file (qUYQ_1) not found, or not incremental.
recompiling module or4s2 because:
	Generated file (BKen_1) not found, or not incremental.
recompiling module or4s3 because:
	Generated file (yV6c_1) not found, or not incremental.
recompiling module or5s1 because:
	Generated file (14NF_1) not found, or not incremental.
recompiling module or5s2 because:
	Generated file (ElHU_1) not found, or not incremental.
recompiling module or5s3 because:
	Generated file (NWp9_1) not found, or not incremental.
recompiling module ppt1s1 because:
	Generated file (Bkxf_1) not found, or not incremental.
recompiling module ppt1s2 because:
	Generated file (4TW2_1) not found, or not incremental.
recompiling module ppt1s3 because:
	Generated file (jfnR_1) not found, or not incremental.
recompiling module ppt1s4 because:
	Generated file (WS09_1) not found, or not incremental.
recompiling module ppt1s5 because:
	Generated file (Jo2Q_1) not found, or not incremental.
recompiling module ppt1s6 because:
	Generated file (YiHm_1) not found, or not incremental.
recompiling module ppu1s1 because:
	Generated file (634c_1) not found, or not incremental.
recompiling module ppu1s2 because:
	Generated file (BDjF_1) not found, or not incremental.
recompiling module rpc1s1 because:
	Generated file (PbJN_1) not found, or not incremental.
recompiling module rpc1s2 because:
	Generated file (K9J0_1) not found, or not incremental.
recompiling module sdffacs1 because:
	Generated file (BLTY_1) not found, or not incremental.
recompiling module sdffacs2 because:
	Generated file (67mA_1) not found, or not incremental.
recompiling module sdffascs1 because:
	Generated file (t4nO_1) not found, or not incremental.
recompiling module sdffascs2 because:
	Generated file (6DXw_1) not found, or not incremental.
recompiling module sdffass1 because:
	Generated file (3TIW_1) not found, or not incremental.
recompiling module sdffass2 because:
	Generated file (yh2T_1) not found, or not incremental.
recompiling module sdffcs1 because:
	Generated file (uDpF_1) not found, or not incremental.
recompiling module sdffcs2 because:
	Generated file (XkNC_1) not found, or not incremental.
recompiling module sdffles1 because:
	Generated file (lLHn_1) not found, or not incremental.
recompiling module sdffles2 because:
	Generated file (0zvk_1) not found, or not incremental.
recompiling module sdffs1 because:
	Generated file (hLNB_1) not found, or not incremental.
recompiling module sdffs2 because:
	Generated file (kNHJ_1) not found, or not incremental.
recompiling module sdffscs1 because:
	Generated file (R44S_1) not found, or not incremental.
recompiling module sdffscs2 because:
	Generated file (c9zU_1) not found, or not incremental.
recompiling module sdffss1 because:
	Generated file (kGzs_1) not found, or not incremental.
recompiling module sdffss2 because:
	Generated file (33lW_1) not found, or not incremental.
recompiling module sub1s1 because:
	Generated file (iwgW_1) not found, or not incremental.
recompiling module sub1s2 because:
	Generated file (BUQU_1) not found, or not incremental.
recompiling module sub1s3 because:
	Generated file (EFvi_1) not found, or not incremental.
recompiling module tibh1s1 because:
	Generated file (9Nfd_1) not found, or not incremental.
recompiling module tibh1s2 because:
	Generated file (IUN5_1) not found, or not incremental.
recompiling module tibh1s3 because:
	Generated file (3rIH_1) not found, or not incremental.
recompiling module tibh1s4 because:
	Generated file (0YXJ_1) not found, or not incremental.
recompiling module tibh1s5 because:
	Generated file (zeft_1) not found, or not incremental.
recompiling module tibl1s1 because:
	Generated file (WvzP_1) not found, or not incremental.
recompiling module tibl1s2 because:
	Generated file (z8Ee_1) not found, or not incremental.
250 of 327 modules done
recompiling module tibl1s3 because:
	Generated file (iVLC_1) not found, or not incremental.
recompiling module tibl1s4 because:
	Generated file (nxa8_1) not found, or not incremental.
recompiling module tibl1s5 because:
	Generated file (0dUo_1) not found, or not incremental.
recompiling module tnbh1s1 because:
	Generated file (j2iv_1) not found, or not incremental.
recompiling module tnbh1s2 because:
	Generated file (MSVx_1) not found, or not incremental.
recompiling module tnbh1s3 because:
	Generated file (xcrQ_1) not found, or not incremental.
recompiling module tnbh1s4 because:
	Generated file (mttj_1) not found, or not incremental.
recompiling module tnbh1s5 because:
	Generated file (Ltzu_1) not found, or not incremental.
recompiling module tnbl1s1 because:
	Generated file (e2ET_1) not found, or not incremental.
recompiling module xnr2s1 because:
	Generated file (xQji_1) not found, or not incremental.
recompiling module xnr2s2 because:
	Generated file (wsW0_1) not found, or not incremental.
recompiling module xnr2s3 because:
	Generated file (RsRP_1) not found, or not incremental.
recompiling module xnr3s1 because:
	Generated file (KrgU_1) not found, or not incremental.
recompiling module xnr3s2 because:
	Generated file (N2rj_1) not found, or not incremental.
recompiling module xnr3s3 because:
	Generated file (kmaz_1) not found, or not incremental.
recompiling module xor2s1 because:
	Generated file (QdwT_1) not found, or not incremental.
recompiling module xor2s2 because:
	Generated file (BV1H_1) not found, or not incremental.
recompiling module xor2s3 because:
	Generated file (Wptw_1) not found, or not incremental.
recompiling module xor3s1 because:
	Generated file (TPCR_1) not found, or not incremental.
recompiling module xor3s2 because:
	Generated file (k1bO_1) not found, or not incremental.
recompiling module xor3s3 because:
	Generated file (tMt4_1) not found, or not incremental.
recompiling module and4s3 because:
	Generated file (tCuO_1) not found, or not incremental.
recompiling module aoai122s1 because:
	Generated file (CoED_1) not found, or not incremental.
recompiling module aoai122s2 because:
	Generated file (LELk_1) not found, or not incremental.
recompiling module aoai122s3 because:
	Generated file (eCP1_1) not found, or not incremental.
recompiling module clc2s1 because:
	Generated file (a5E3_1) not found, or not incremental.
recompiling module clc2s2 because:
	Generated file (rZFQ_1) not found, or not incremental.
recompiling module clc2s3 because:
	Generated file (iwAF_1) not found, or not incremental.
recompiling module di2s10 because:
	Generated file (owzh_1) not found, or not incremental.
recompiling module di2s11 because:
	Generated file (RMXT_1) not found, or not incremental.
recompiling module di2s12 because:
	Generated file (C37L_1) not found, or not incremental.
recompiling module di2s7 because:
	Generated file (iBeQ_1) not found, or not incremental.
recompiling module di2s8 because:
	Generated file (fd9q_1) not found, or not incremental.
recompiling module di2s9 because:
	Generated file (66Ua_1) not found, or not incremental.
recompiling module faddpgs1 because:
	Generated file (xd5i_1) not found, or not incremental.
recompiling module faddpgs2 because:
	Generated file (kx0U_1) not found, or not incremental.
recompiling module faddpgs3 because:
	Generated file (BljE_1) not found, or not incremental.
recompiling module hadd1s1 because:
	Generated file (i5hY_1) not found, or not incremental.
recompiling module hadd1s2 because:
	Generated file (fVJi_1) not found, or not incremental.
recompiling module hadd1s3 because:
	Generated file (CFRt_1) not found, or not incremental.
recompiling module i1s10 because:
	Generated file (1Unj_1) not found, or not incremental.
recompiling module i1s11 because:
	Generated file (wLR0_1) not found, or not incremental.
recompiling module i1s12 because:
	Generated file (dnRN_1) not found, or not incremental.
recompiling module i1s8 because:
	Generated file (wrR5_1) not found, or not incremental.
recompiling module i1s9 because:
	Generated file (NNKU_1) not found, or not incremental.
recompiling module ib1s10 because:
	Generated file (H9bX_1) not found, or not incremental.
recompiling module ib1s11 because:
	Generated file (kmrd_1) not found, or not incremental.
recompiling module ib1s12 because:
	Generated file (hQIr_1) not found, or not incremental.
recompiling module ib1s6 because:
	Generated file (EaHC_1) not found, or not incremental.
recompiling module ib1s7 because:
	Generated file (JPN0_1) not found, or not incremental.
300 of 327 modules done
recompiling module ib1s8 because:
	Generated file (k2LE_1) not found, or not incremental.
recompiling module ib1s9 because:
	Generated file (11iO_1) not found, or not incremental.
recompiling module nb1s10 because:
	Generated file (lRUb_1) not found, or not incremental.
recompiling module nb1s11 because:
	Generated file (8mm0_1) not found, or not incremental.
recompiling module nb1s12 because:
	Generated file (fzXw_1) not found, or not incremental.
recompiling module nb1s7 because:
	Generated file (F3Sh_1) not found, or not incremental.
recompiling module nb1s8 because:
	Generated file (gSSF_1) not found, or not incremental.
recompiling module nb1s9 because:
	Generated file (d18p_1) not found, or not incremental.
recompiling module nnd7s3 because:
	Generated file (ITqC_1) not found, or not incremental.
recompiling module nnd8s3 because:
	Generated file (heny_1) not found, or not incremental.
recompiling module nor7s3 because:
	Generated file (AwR2_1) not found, or not incremental.
recompiling module oai13s1 because:
	Generated file (E8E9_1) not found, or not incremental.
recompiling module oai13s2 because:
	Generated file (ZoNF_1) not found, or not incremental.
recompiling module oai13s3 because:
	Generated file (gkil_1) not found, or not incremental.
recompiling module oai22s3 because:
	Generated file (zvzO_1) not found, or not incremental.
recompiling module oai321s1 because:
	Generated file (No5z_1) not found, or not incremental.
recompiling module oai321s2 because:
	Generated file (AwkY_1) not found, or not incremental.
recompiling module oai321s3 because:
	Generated file (1esm_1) not found, or not incremental.
recompiling module oai33s1 because:
	Generated file (jSGU_1) not found, or not incremental.
recompiling module tibh1s6 because:
	Generated file (QW54_1) not found, or not incremental.
recompiling module tibl1s6 because:
	Generated file (hnfv_1) not found, or not incremental.
recompiling module tnbh1s6 because:
	Generated file (SVWN_1) not found, or not incremental.
recompiling module tnbl1s2 because:
	Generated file (1Vcz_1) not found, or not incremental.
recompiling module tnbl1s3 because:
	Generated file (oWIg_1) not found, or not incremental.
recompiling module tnbl1s4 because:
	Generated file (BPkl_1) not found, or not incremental.
recompiling module tnbl1s5 because:
	Generated file (kJga_1) not found, or not incremental.
recompiling module tnbl1s6 because:
	Generated file (Hbw7_1) not found, or not incremental.
All of 327 modules done
make[1]: Entering directory `/afs/umich.edu/user/n/o/nowakmr/eecs470/eecs470/test/branch_predictor/csrc'
if [ -x ../syn_simv ]; then chmod -x ../syn_simv; fi
g++  -o ../syn_simv   -Wl,-whole-archive    -Wl,-no-whole-archive  _vcsobj_1_1.o  5NrI_d.o 5NrIB_d.o SIM_l.o     rmapats_mop.o rmapats.o      /usr/caen/vcs-2011.03/amd64/lib/libvirsim.so /usr/caen/vcs-2011.03/amd64/lib/liberrorinf.so /usr/caen/vcs-2011.03/amd64/lib/libsnpsmalloc.so     /usr/caen/vcs-2011.03/amd64/lib/libvcsnew.so /usr/caen/vcs-2011.03/amd64/lib/libuclinative.so         /usr/caen/vcs-2011.03/amd64/lib/vcs_save_restore_new.o -ldl  -lc -lm -lpthread -ldl 
../syn_simv up to date
make[1]: Leaving directory `/afs/umich.edu/user/n/o/nowakmr/eecs470/eecs470/test/branch_predictor/csrc'
Chronologic VCS simulator copyright 1991-2011
Contains Synopsys proprietary information.
Compiler version E-2011.03_Full64; Runtime version E-2011.03_Full64;  Apr 13 05:41 2013

STARTING TESTBENCH!

  preclock: reset=1  prediction1=x pht_index_out1=  x prediction2=x pht_index_out2=  x ghr=xxxxxxxx 
 postclock: reset=1  prediction1=0 pht_index_out1=  0 prediction2=0 pht_index_out2=  0 ghr=00000000 

  preclock: reset=0  prediction1=0 pht_index_out1=  0 prediction2=0 pht_index_out2=  0 ghr=00000000 
 postclock: reset=0  prediction1=0 pht_index_out1=  1 prediction2=0 pht_index_out2=  1 ghr=00000001 

  preclock: reset=0  prediction1=0 pht_index_out1=  1 prediction2=0 pht_index_out2=  1 ghr=00000001 
 postclock: reset=0  prediction1=1 pht_index_out1=  0 prediction2=0 pht_index_out2=  1 ghr=00000001 

ENDING TESTBENCH : SUCCESS !

$finish called from file "test_branch_predictor.v", line 170.
$finish at simulation time                   30
           V C S   S i m u l a t i o n   R e p o r t 
Time: 30
CPU Time:      0.020 seconds;       Data structure size:   1.1Mb
Sat Apr 13 05:41:02 2013
CPU time: 2.240 seconds to compile + .131 seconds to elab + .388 seconds to link + .061 seconds in simulation
